Note: src/view/MainController.java uses or overrides a deprecated API.
Note: Recompile with -Xlint:deprecation for details.
